  Determining projects to restore...
C:\Users\Sai\Downloads\DocVault\DocVault_Backend\DocVault.Api.csproj : warning NU1902: Package 'Azure.Identity' 1.11.0 has a known moderate severity vulnerability, https://github.com/advisories/GHSA-m5vv-6r4h-3vj9
C:\Users\Sai\Downloads\DocVault\DocVault_Backend\DocVault.Api.csproj : warning NU1902: Package 'Microsoft.Identity.Web' 3.2.0 has a known moderate severity vulnerability, https://github.com/advisories/GHSA-rpq8-q44m-2rpg
C:\Users\Sai\Downloads\DocVault\DocVault_Backend\DocVault.Api.csproj : error NU1605: Warning As Error: Detected package downgrade: Azure.Identity from 1.11.4 to 1.11.0. Reference the package directly from the project to select a different version. 
C:\Users\Sai\Downloads\DocVault\DocVault_Backend\DocVault.Api.csproj : error NU1605:  DocVault.Api -> Microsoft.Identity.Web 3.2.0 -> Microsoft.Identity.Web.Certificate 3.2.0 -> Azure.Identity (>= 1.11.4) 
C:\Users\Sai\Downloads\DocVault\DocVault_Backend\DocVault.Api.csproj : error NU1605:  DocVault.Api -> Azure.Identity (>= 1.11.0)
  Failed to restore C:\Users\Sai\Downloads\DocVault\DocVault_Backend\DocVault.Api.csproj (in 761 ms).
